// Jest Snapshot v1, https://goo.gl/fbAQLP

exports[`<Title /> should render a title 1`] = `<Styled(h2) />`;
